// Jest Snapshot v1, https://goo.gl/fbAQLP

exports[`transformPortalResponse returns transformed portals 1`] = `
Array [
  Object {
    "name": "MainMenu",
    "sections": Object {
      "FavouritesLink": Object {
        "Favourites": Object {
          "icon": Object {
            "en": "Favorite",
          },
          "label": Object {
            "en": "My Favourites",
            "it": "Miei Preferiti",
          },
          "name": Object {
            "en": "Favourites",
          },
          "path": Object {
            "en": "/en/favourites",
            "it": "/it/favoriti",
          },
          "reference": Object {
            "en": "favourites",
          },
        },
      },
      "HomeLink": Object {
        "Home": Object {
          "icon": Object {
            "en": "Home",
          },
          "label": Object {
            "en": "Home",
            "it": "Home",
          },
          "name": Object {
            "en": "Home",
          },
          "path": Object {
            "en": "/en",
            "it": "/it",
          },
          "reference": Object {
            "en": "home",
          },
        },
      },
      "LanguageSelector": Object {
        "LanguageSelectorText": Object {
          "lineOne": Object {
            "en": "Select Language",
            "it": "Seleziona Lingua",
          },
          "lineTwo": Object {
            "en": "Selected",
            "it": "Selezionata",
          },
          "name": Object {
            "en": "LanguageSelectorText",
          },
        },
      },
      "MainMenu": Object {
        "NowPlaying": Object {
          "icon": Object {
            "en": "PlayArrow",
          },
          "label": Object {
            "en": "Now Playing",
            "it": "Adesso In Onda",
          },
          "name": Object {
            "en": "NowPlaying",
          },
          "reference": Object {
            "en": "now-playing",
          },
        },
        "Popular": Object {
          "icon": Object {
            "en": "LocalMovies",
          },
          "label": Object {
            "en": "Popular Movies",
            "it": "Film Popolari",
          },
          "name": Object {
            "en": "Popular",
          },
          "reference": Object {
            "en": "popular",
          },
        },
        "TopRated": Object {
          "icon": Object {
            "en": "StarRate",
          },
          "label": Object {
            "en": "Top Rated",
            "it": "Premiatissimi",
          },
          "name": Object {
            "en": "TopRated",
          },
          "reference": Object {
            "en": "top-rated",
          },
        },
        "Upcoming": Object {
          "icon": Object {
            "en": "RecentActors",
          },
          "label": Object {
            "en": "Upcoming",
            "it": "In Arrivo",
          },
          "name": Object {
            "en": "Upcoming",
          },
          "reference": Object {
            "en": "upcoming",
          },
        },
      },
    },
  },
]
`;
